// Jest Snapshot v1, https://goo.gl/fbAQLP

exports[`Header renders 1`] = `
<Switch>
  <Route
    exact={true}
    path="/"
  >
    <h2>
      Home
    </h2>
  </Route>
  <Route
    path="/locate"
  >
    <h2>
      My forecast
    </h2>
  </Route>
  <Route
    path="/search"
  >
    <h2>
      Search
    </h2>
  </Route>
  <Route
    path="/:id"
  >
    <h2>
      Details
    </h2>
  </Route>
</Switch>
`;
