// Jest Snapshot v1, https://goo.gl/fbAQLP

exports[`Locate renders 1`] = `
<div
  className="sc-hKFxyN cSGhCN"
/>
`;
