// Jest Snapshot v1, https://goo.gl/fbAQLP

exports[`Search renders 1`] = `
Array [
  <SearchContainer>
    <SearchInput
      onChange={[Function]}
      placeholder="Search city"
      type="search"
      value=""
    />
    <Button
      disabled={true}
      onClick={[Function]}
    >
      Search
    </Button>
  </SearchContainer>,
  <Dashboard
    data={Object {}}
    loadingMessage="Doing science... ðŸ›« ðŸ§ª ðŸ”¬ ðŸ›¬"
  />,
]
`;
